****************************************
Report : timing
	-path_type full
	-delay_type max
	-max_paths 1
	-sort_by slack
Design : STAR
Version: R-2020.09
Date   : Wed Apr  3 17:04:14 2024
****************************************


  Startpoint: counter_reg_2_
               (rising edge-triggered flip-flop clocked by clk)
  Endpoint: Max_Match_Vector_reg_0_
               (rising edge-triggered flip-flop clocked by clk)
  Path Group: clk
  Path Type: max

  Point                                                   Incr       Path
  ------------------------------------------------------------------------------
  clock clk (rise edge)                                   0.00       0.00
  clock network delay (ideal)                             0.50       0.50
  counter_reg_2_/CK (DFFRX1)                              0.00       0.50 r
  counter_reg_2_/QN (DFFRX1)                              0.93 *     1.43 r
  U2080/Y (NOR2X1)                                        0.51 *     1.94 f
  U917/Y (AND2X2)                                         0.50 *     2.44 f
  U1160/Y (CLKBUFX3)                                      0.78 *     3.21 f
  U2121/Y (AO22X1)                                        0.59 *     3.81 f
  U2122/Y (AOI221XL)                                      0.52 *     4.33 r
  U2129/Y (NAND4X1)                                       0.54 *     4.86 f
  U2330/Y (NAND2X1)                                       0.41 *     5.27 r
  U2331/Y (OAI222XL)                                      0.50 *     5.77 f
  U2332/Y (OAI222XL)                                      0.94 *     6.71 r
  U2333/Y (OAI222XL)                                      0.65 *     7.36 f
  U2334/Y (OAI222XL)                                      0.67 *     8.03 r
  U2335/Y (OAI21XL)                                       0.46 *     8.49 f
  U1272/Y (NAND2BX1)                                      0.36 *     8.84 f
  U1271/Y (CLKBUFX3)                                      0.72 *     9.57 f
  U1436/Y (OAI22XL)                                       0.62 *    10.19 r
  Max_Match_Vector_reg_0_/D (DFFRX1)                      0.00 *    10.19 r
  data arrival time                                                 10.19

  clock clk (rise edge)                                  15.00      15.00
  clock network delay (ideal)                             0.50      15.50
  clock reconvergence pessimism                           0.00      15.50
  clock uncertainty                                      -0.10      15.40
  Max_Match_Vector_reg_0_/CK (DFFRX1)                               15.40 r
  library setup time                                     -0.30 *    15.10
  data required time                                                15.10
  ------------------------------------------------------------------------------
  data required time                                                15.10
  data arrival time                                                -10.19
  ------------------------------------------------------------------------------
  slack (MET)                                                        4.91


1
****************************************
Report : timing
	-path_type full
	-delay_type max
	-nets
	-max_paths 1
	-transition_time
	-capacitance
	-sort_by slack
Design : STAR
Version: R-2020.09
Date   : Wed Apr  3 17:04:14 2024
****************************************


  Startpoint: counter_reg_2_
               (rising edge-triggered flip-flop clocked by clk)
  Endpoint: Max_Match_Vector_reg_0_
               (rising edge-triggered flip-flop clocked by clk)
  Path Group: clk
  Path Type: max

  Point                       Fanout    Cap      Trans       Incr       Path
  -----------------------------------------------------------------------------
  clock clk (rise edge)                           0.00       0.00       0.00
  clock network delay (ideal)                                0.50       0.50
  counter_reg_2_/CK (DFFRX1)                      0.00       0.00       0.50 r
  counter_reg_2_/QN (DFFRX1)                      0.00       0.93 *     1.43 r
  n773 (net)                     6     0.08 
  U2080/Y (NOR2X1)                                0.00       0.51 *     1.94 f
  n1553 (net)                    4     0.05 
  U917/Y (AND2X2)                                 0.00       0.50 *     2.44 f
  n1278 (net)                    7     0.08 
  U1160/Y (CLKBUFX3)                              0.00       0.78 *     3.21 f
  n1755 (net)                   18     0.21 
  U2121/Y (AO22X1)                                0.00       0.59 *     3.81 f
  n1593 (net)                    1     0.01 
  U2122/Y (AOI221XL)                              0.00       0.52 *     4.33 r
  n1600 (net)                    1     0.01 
  U2129/Y (NAND4X1)                               0.00       0.54 *     4.86 f
  N560 (net)                     3     0.04 
  U2330/Y (NAND2X1)                               0.00       0.41 *     5.27 r
  n1948 (net)                    2     0.02 
  U2331/Y (OAI222XL)                              0.00       0.50 *     5.77 f
  n1949 (net)                    2     0.02 
  U2332/Y (OAI222XL)                              0.00       0.94 *     6.71 r
  n1950 (net)                    2     0.02 
  U2333/Y (OAI222XL)                              0.00       0.65 *     7.36 f
  n1951 (net)                    2     0.02 
  U2334/Y (OAI222XL)                              0.00       0.67 *     8.03 r
  n1952 (net)                    1     0.01 
  U2335/Y (OAI21XL)                               0.00       0.46 *     8.49 f
  N229 (net)                     2     0.02 
  U1272/Y (NAND2BX1)                              0.00       0.36 *     8.84 f
  n357 (net)                     1     0.01 
  U1271/Y (CLKBUFX3)                              0.00       0.72 *     9.57 f
  n1773 (net)                   16     0.19 
  U1436/Y (OAI22XL)                               0.00       0.62 *    10.19 r
  N248 (net)                     1     0.01 
  Max_Match_Vector_reg_0_/D (DFFRX1)              0.00       0.00 *    10.19 r
  data arrival time                                                    10.19

  clock clk (rise edge)                           0.00      15.00      15.00
  clock network delay (ideal)                                0.50      15.50
  clock reconvergence pessimism                              0.00      15.50
  clock uncertainty                                         -0.10      15.40
  Max_Match_Vector_reg_0_/CK (DFFRX1)                                  15.40 r
  library setup time                                        -0.30 *    15.10
  data required time                                                   15.10
  -----------------------------------------------------------------------------
  data required time                                                   15.10
  data arrival time                                                   -10.19
  -----------------------------------------------------------------------------
  slack (MET)                                                           4.91


1
****************************************
Report : timing
	-path_type summary
	-delay_type max
	-nworst 10
	-slack_lesser_than 0.00
	-max_paths 10
	-sort_by slack
Design : STAR
Version: R-2020.09
Date   : Wed Apr  3 17:04:14 2024
****************************************

No paths with slack less than 0.00.

1
